// Jest Snapshot v1, https://goo.gl/fbAQLP

exports[`Snapshot Test Testing footer 1`] = `
Array [
  <hr />,
  <center>
    Â© Developer Funnels 
  </center>,
]
`;
